// Jest Snapshot v1, https://goo.gl/fbAQLP

exports[`Login Renders the Login component 1`] = `ReactWrapper {}`;

exports[`Login Renders the snapshot 1`] = `ReactWrapper {}`;
